---
source: src/mail_parser.rs
expression: "mail_parser(\"COOR_3D %comment \\nN1 2  3.0 4\\n    % another comment\\nFINSF\")"
---
Ok(
    MailParseOutput {
        nodes: [
            NodeProp {
                name: "N1",
                x: 2.0,
                y: 3.0,
                z: 4.0,
            },
        ],
        cells: [],
        groups: [],
    },
)
