---
source: src/mail_parser.rs
expression: "node_description(\"N12\")"
---
Err(
    Error(
        Alt(
            [
                Base {
                    location: "",
                    kind: Kind(
                        Float,
                    ),
                },
                Base {
                    location: "",
                    kind: Kind(
                        Float,
                    ),
                },
                Base {
                    location: "",
                    kind: Kind(
                        Float,
                    ),
                },
                Base {
                    location: "",
                    kind: Kind(
                        Float,
                    ),
                },
            ],
        ),
    ),
)
